Command line invocation:
    /Applications/Xcode.app/Contents/Developer/usr/bin/xcodebuild -workspace "tv/apple-tv/PlayBridge TV/PlayBridge TV.xcworkspace" -scheme "PlayBridge TV" -sdk appletvsimulator -destination "platform=tvOS Simulator,name=Apple TV" build

Build settings from command line:
    SDKROOT = appletvsimulator26.4

ComputePackagePrebuildTargetDependencyGraph

Prepare packages

CreateBuildRequest

SendProjectDescription

CreateBuildOperation

ComputeTargetDependencyGraph
note: Building targets in dependency order
note: Target dependency graph (3 targets)
    Target 'PlayBridge TV' in project 'PlayBridge TV'
        ➜ Implicit dependency on target 'Pods-PlayBridge TV' in project 'Pods' via file 'Pods_PlayBridge_TV.framework' in build phase 'Link Binary'
    Target 'Pods-PlayBridge TV' in project 'Pods'
        ➜ Explicit dependency on target 'TVVLCKit' in project 'Pods'
    Target 'TVVLCKit' in project 'Pods' (no dependencies)

GatherProvisioningInputs

CreateBuildDescription

ExecuteExternalTool /Applications/Xcode.app/Contents/Developer/Toolchains/XcodeDefault.xctoolchain/usr/bin/clang -v -E -dM -isysroot /Applications/Xcode.app/Contents/Developer/Platforms/AppleTVSimulator.platform/Developer/SDKs/AppleTVSimulator26.4.sdk -x c -c /dev/null

ExecuteExternalTool /Applications/Xcode.app/Contents/Developer/Toolchains/XcodeDefault.xctoolchain/usr/bin/clang -v -E -dM -arch arm64 -isysroot /Applications/Xcode.app/Contents/Developer/Platforms/AppleTVSimulator.platform/Developer/SDKs/AppleTVSimulator26.4.sdk -x c -c /dev/null

ExecuteExternalTool /Applications/Xcode.app/Contents/Developer/usr/bin/actool --print-asset-tag-combinations --output-format xml1 /Users/atulmehla/repos/personal/PlayBridge/tv/apple-tv/PlayBridge TV/PlayBridge TV/Assets.xcassets

ExecuteExternalTool /Applications/Xcode.app/Contents/Developer/Toolchains/XcodeDefault.xctoolchain/usr/bin/clang -v -E -dM -arch arm64 -isysroot /Applications/Xcode.app/Contents/Developer/Platforms/AppleTVSimulator.platform/Developer/SDKs/AppleTVSimulator26.4.sdk -x objective-c -c /dev/null

ExecuteExternalTool /Applications/Xcode.app/Contents/Developer/Toolchains/XcodeDefault.xctoolchain/usr/bin/libtool -V

ExecuteExternalTool /Applications/Xcode.app/Contents/Developer/usr/bin/actool --version --output-format xml1

ExecuteExternalTool /Applications/Xcode.app/Contents/Developer/Toolchains/XcodeDefault.xctoolchain/usr/bin/swiftc --version

ExecuteExternalTool /Applications/Xcode.app/Contents/Developer/Toolchains/XcodeDefault.xctoolchain/usr/bin/ld -version_details

Build description signature: b07a270742bee297859f880d9297ad19
Build description path: /Users/atulmehla/Library/Developer/Xcode/DerivedData/PlayBridge_TV-bfzfomzwgzafqybddcjvqcqfpkoo/Build/Intermediates.noindex/XCBuildData/b07a270742bee297859f880d9297ad19.xcbuilddata
ClangStatCache /Applications/Xcode.app/Contents/Developer/Toolchains/XcodeDefault.xctoolchain/usr/bin/clang-stat-cache /Applications/Xcode.app/Contents/Developer/Platforms/AppleTVSimulator.platform/Developer/SDKs/AppleTVSimulator26.4.sdk /Users/atulmehla/Library/Developer/Xcode/DerivedData/SDKStatCaches.noindex/appletvsimulator26.4-23L236-11f4d1e4fa50bf500d4b8df235a2802e.sdkstatcache
    cd /Users/atulmehla/repos/personal/PlayBridge/tv/apple-tv/PlayBridge\ TV
    /Applications/Xcode.app/Contents/Developer/Toolchains/XcodeDefault.xctoolchain/usr/bin/clang-stat-cache /Applications/Xcode.app/Contents/Developer/Platforms/AppleTVSimulator.platform/Developer/SDKs/AppleTVSimulator26.4.sdk -o /Users/atulmehla/Library/Developer/Xcode/DerivedData/SDKStatCaches.noindex/appletvsimulator26.4-23L236-11f4d1e4fa50bf500d4b8df235a2802e.sdkstatcache

ProcessInfoPlistFile /Users/atulmehla/Library/Developer/Xcode/DerivedData/PlayBridge_TV-bfzfomzwgzafqybddcjvqcqfpkoo/Build/Products/Debug-appletvsimulator/Pods_PlayBridge_TV.framework/Info.plist /Users/atulmehla/repos/personal/PlayBridge/tv/apple-tv/PlayBridge\ TV/Pods/Target\ Support\ Files/Pods-PlayBridge\ TV/Pods-PlayBridge\ TV-Info.plist (in target 'Pods-PlayBridge TV' from project 'Pods')
    cd /Users/atulmehla/repos/personal/PlayBridge/tv/apple-tv/PlayBridge\ TV/Pods
    builtin-infoPlistUtility /Users/atulmehla/repos/personal/PlayBridge/tv/apple-tv/PlayBridge\ TV/Pods/Target\ Support\ Files/Pods-PlayBridge\ TV/Pods-PlayBridge\ TV-Info.plist -producttype com.apple.product-type.framework -expandbuildsettings -format binary -platform appletvsimulator -o /Users/atulmehla/Library/Developer/Xcode/DerivedData/PlayBridge_TV-bfzfomzwgzafqybddcjvqcqfpkoo/Build/Products/Debug-appletvsimulator/Pods_PlayBridge_TV.framework/Info.plist

SwiftDriver PlayBridge\ TV normal arm64 com.apple.xcode.tools.swift.compiler (in target 'PlayBridge TV' from project 'PlayBridge TV')
    cd /Users/atulmehla/repos/personal/PlayBridge/tv/apple-tv/PlayBridge\ TV
    builtin-SwiftDriver -- /Applications/Xcode.app/Contents/Developer/Toolchains/XcodeDefault.xctoolchain/usr/bin/swiftc -module-name PlayBridge_TV -Onone @/Users/atulmehla/Library/Developer/Xcode/DerivedData/PlayBridge_TV-bfzfomzwgzafqybddcjvqcqfpkoo/Build/Intermediates.noindex/PlayBridge\ TV.build/Debug-appletvsimulator/PlayBridge\ TV.build/Objects-normal/arm64/PlayBridge\ TV.SwiftFileList -DDEBUG -default-isolation\=MainActor -enable-bare-slash-regex -enable-upcoming-feature DisableOutwardActorInference -enable-upcoming-feature InferSendableFromCaptures -enable-upcoming-feature GlobalActorIsolatedTypesUsability -enable-upcoming-feature MemberImportVisibility -enable-upcoming-feature InferIsolatedConformances -enable-upcoming-feature NonisolatedNonsendingByDefault -enable-experimental-feature DebugDescriptionMacro -sdk /Applications/Xcode.app/Contents/Developer/Platforms/AppleTVSimulator.platform/Developer/SDKs/AppleTVSimulator26.4.sdk -target arm64-apple-tvos26.4-simulator -g -module-cache-path /Users/atulmehla/Library/Developer/Xcode/DerivedData/ModuleCache.noindex -Xfrontend -serialize-debugging-options -enable-testing -index-store-path /Users/atulmehla/Library/Developer/Xcode/DerivedData/PlayBridge_TV-bfzfomzwgzafqybddcjvqcqfpkoo/Index.noindex/DataStore -Xcc -D_LIBCPP_HARDENING_MODE\=_LIBCPP_HARDENING_MODE_DEBUG -swift-version 5 -I /Users/atulmehla/Library/Developer/Xcode/DerivedData/PlayBridge_TV-bfzfomzwgzafqybddcjvqcqfpkoo/Build/Products/Debug-appletvsimulator -F /Users/atulmehla/Library/Developer/Xcode/DerivedData/PlayBridge_TV-bfzfomzwgzafqybddcjvqcqfpkoo/Build/Products/Debug-appletvsimulator -F /Users/atulmehla/repos/personal/PlayBridge/tv/apple-tv/PlayBridge\ TV/Pods/TVVLCKit -F /Users/atulmehla/Library/Developer/Xcode/DerivedData/PlayBridge_TV-bfzfomzwgzafqybddcjvqcqfpkoo/Build/Products/Debug-appletvsimulator/XCFrameworkIntermediates/TVVLCKit -emit-localized-strings -emit-localized-strings-path /Users/atulmehla/Library/Developer/Xcode/DerivedData/PlayBridge_TV-bfzfomzwgzafqybddcjvqcqfpkoo/Build/Intermediates.noindex/PlayBridge\ TV.build/Debug-appletvsimulator/PlayBridge\ TV.build/Objects-normal/arm64 -c -j8 -enable-batch-mode -incremental -Xcc -ivfsstatcache -Xcc /Users/atulmehla/Library/Developer/Xcode/DerivedData/SDKStatCaches.noindex/appletvsimulator26.4-23L236-11f4d1e4fa50bf500d4b8df235a2802e.sdkstatcache -output-file-map /Users/atulmehla/Library/Developer/Xcode/DerivedData/PlayBridge_TV-bfzfomzwgzafqybddcjvqcqfpkoo/Build/Intermediates.noindex/PlayBridge\ TV.build/Debug-appletvsimulator/PlayBridge\ TV.build/Objects-normal/arm64/PlayBridge\ TV-OutputFileMap.json -use-frontend-parseable-output -save-temps -no-color-diagnostics -explicit-module-build -module-cache-path /Users/atulmehla/Library/Developer/Xcode/DerivedData/PlayBridge_TV-bfzfomzwgzafqybddcjvqcqfpkoo/Build/Intermediates.noindex/SwiftExplicitPrecompiledModules -clang-scanner-module-cache-path /Users/atulmehla/Library/Developer/Xcode/DerivedData/ModuleCache.noindex -sdk-module-cache-path /Users/atulmehla/Library/Developer/Xcode/DerivedData/ModuleCache.noindex -serialize-diagnostics -emit-dependencies -emit-module -emit-module-path /Users/atulmehla/Library/Developer/Xcode/DerivedData/PlayBridge_TV-bfzfomzwgzafqybddcjvqcqfpkoo/Build/Intermediates.noindex/PlayBridge\ TV.build/Debug-appletvsimulator/PlayBridge\ TV.build/Objects-normal/arm64/PlayBridge_TV.swiftmodule -validate-clang-modules-once -clang-build-session-file /Users/atulmehla/Library/Developer/Xcode/DerivedData/ModuleCache.noindex/Session.modulevalidation -Xcc -I/Users/atulmehla/Library/Developer/Xcode/DerivedData/PlayBridge_TV-bfzfomzwgzafqybddcjvqcqfpkoo/Build/Intermediates.noindex/PlayBridge\ TV.build/Debug-appletvsimulator/PlayBridge\ TV.build/swift-overrides.hmap -emit-const-values -Xfrontend -const-gather-protocols-file -Xfrontend /Users/atulmehla/Library/Developer/Xcode/DerivedData/PlayBridge_TV-bfzfomzwgzafqybddcjvqcqfpkoo/Build/Intermediates.noindex/PlayBridge\ TV.build/Debug-appletvsimulator/PlayBridge\ TV.build/Objects-normal/arm64/PlayBridge\ TV_const_extract_protocols.json -Xcc -iquote -Xcc /Users/atulmehla/Library/Developer/Xcode/DerivedData/PlayBridge_TV-bfzfomzwgzafqybddcjvqcqfpkoo/Build/Intermediates.noindex/PlayBridge\ TV.build/Debug-appletvsimulator/PlayBridge\ TV.build/PlayBridge\ TV-generated-files.hmap -Xcc -I/Users/atulmehla/Library/Developer/Xcode/DerivedData/PlayBridge_TV-bfzfomzwgzafqybddcjvqcqfpkoo/Build/Intermediates.noindex/PlayBridge\ TV.build/Debug-appletvsimulator/PlayBridge\ TV.build/PlayBridge\ TV-own-target-headers.hmap -Xcc -I/Users/atulmehla/Library/Developer/Xcode/DerivedData/PlayBridge_TV-bfzfomzwgzafqybddcjvqcqfpkoo/Build/Intermediates.noindex/PlayBridge\ TV.build/Debug-appletvsimulator/PlayBridge\ TV.build/PlayBridge\ TV-all-non-framework-target-headers.hmap -Xcc -ivfsoverlay -Xcc /Users/atulmehla/Library/Developer/Xcode/DerivedData/PlayBridge_TV-bfzfomzwgzafqybddcjvqcqfpkoo/Build/Intermediates.noindex/PlayBridge\ TV.build/Debug-appletvsimulator/PlayBridge\ TV-c19f24712c0063fe6a6dd02ba883509c-VFS-appletvsimulator/all-product-headers.yaml -Xcc -iquote -Xcc /Users/atulmehla/Library/Developer/Xcode/DerivedData/PlayBridge_TV-bfzfomzwgzafqybddcjvqcqfpkoo/Build/Intermediates.noindex/PlayBridge\ TV.build/Debug-appletvsimulator/PlayBridge\ TV.build/PlayBridge\ TV-project-headers.hmap -Xcc -I/Users/atulmehla/Library/Developer/Xcode/DerivedData/PlayBridge_TV-bfzfomzwgzafqybddcjvqcqfpkoo/Build/Products/Debug-appletvsimulator/include -Xcc -I/Users/atulmehla/Library/Developer/Xcode/DerivedData/PlayBridge_TV-bfzfomzwgzafqybddcjvqcqfpkoo/Build/Intermediates.noindex/PlayBridge\ TV.build/Debug-appletvsimulator/PlayBridge\ TV.build/DerivedSources-normal/arm64 -Xcc -I/Users/atulmehla/Library/Developer/Xcode/DerivedData/PlayBridge_TV-bfzfomzwgzafqybddcjvqcqfpkoo/Build/Intermediates.noindex/PlayBridge\ TV.build/Debug-appletvsimulator/PlayBridge\ TV.build/DerivedSources/arm64 -Xcc -I/Users/atulmehla/Library/Developer/Xcode/DerivedData/PlayBridge_TV-bfzfomzwgzafqybddcjvqcqfpkoo/Build/Intermediates.noindex/PlayBridge\ TV.build/Debug-appletvsimulator/PlayBridge\ TV.build/DerivedSources -Xcc -DDEBUG\=1 -Xcc -DCOCOAPODS\=1 -emit-objc-header -emit-objc-header-path /Users/atulmehla/Library/Developer/Xcode/DerivedData/PlayBridge_TV-bfzfomzwgzafqybddcjvqcqfpkoo/Build/Intermediates.noindex/PlayBridge\ TV.build/Debug-appletvsimulator/PlayBridge\ TV.build/Objects-normal/arm64/PlayBridge_TV-Swift.h -working-directory /Users/atulmehla/repos/personal/PlayBridge/tv/apple-tv/PlayBridge\ TV -experimental-emit-module-separately -disable-cmo

ProcessInfoPlistFile /Users/atulmehla/Library/Developer/Xcode/DerivedData/PlayBridge_TV-bfzfomzwgzafqybddcjvqcqfpkoo/Build/Products/Debug-appletvsimulator/PlayBridge\ TV.app/Info.plist /Users/atulmehla/Library/Developer/Xcode/DerivedData/PlayBridge_TV-bfzfomzwgzafqybddcjvqcqfpkoo/Build/Intermediates.noindex/PlayBridge\ TV.build/Debug-appletvsimulator/PlayBridge\ TV.build/empty-PlayBridge\ TV.plist (in target 'PlayBridge TV' from project 'PlayBridge TV')
    cd /Users/atulmehla/repos/personal/PlayBridge/tv/apple-tv/PlayBridge\ TV
    builtin-infoPlistUtility /Users/atulmehla/Library/Developer/Xcode/DerivedData/PlayBridge_TV-bfzfomzwgzafqybddcjvqcqfpkoo/Build/Intermediates.noindex/PlayBridge\ TV.build/Debug-appletvsimulator/PlayBridge\ TV.build/empty-PlayBridge\ TV.plist -producttype com.apple.product-type.application -genpkginfo /Users/atulmehla/Library/Developer/Xcode/DerivedData/PlayBridge_TV-bfzfomzwgzafqybddcjvqcqfpkoo/Build/Products/Debug-appletvsimulator/PlayBridge\ TV.app/PkgInfo -expandbuildsettings -format binary -platform appletvsimulator -additionalcontentfile /Users/atulmehla/Library/Developer/Xcode/DerivedData/PlayBridge_TV-bfzfomzwgzafqybddcjvqcqfpkoo/Build/Intermediates.noindex/PlayBridge\ TV.build/Debug-appletvsimulator/PlayBridge\ TV.build/assetcatalog_generated_info.plist -o /Users/atulmehla/Library/Developer/Xcode/DerivedData/PlayBridge_TV-bfzfomzwgzafqybddcjvqcqfpkoo/Build/Products/Debug-appletvsimulator/PlayBridge\ TV.app/Info.plist

SwiftCompile normal arm64 Compiling\ PlayerView.swift /Users/atulmehla/repos/personal/PlayBridge/tv/apple-tv/PlayBridge\ TV/PlayBridge\ TV/Player/PlayerView.swift (in target 'PlayBridge TV' from project 'PlayBridge TV')

SwiftCompile normal arm64 /Users/atulmehla/repos/personal/PlayBridge/tv/apple-tv/PlayBridge\ TV/PlayBridge\ TV/Player/PlayerView.swift (in target 'PlayBridge TV' from project 'PlayBridge TV')
    cd /Users/atulmehla/repos/personal/PlayBridge/tv/apple-tv/PlayBridge\ TV
    

SwiftEmitModule normal arm64 Emitting\ module\ for\ PlayBridge_TV (in target 'PlayBridge TV' from project 'PlayBridge TV')

EmitSwiftModule normal arm64 (in target 'PlayBridge TV' from project 'PlayBridge TV')
    cd /Users/atulmehla/repos/personal/PlayBridge/tv/apple-tv/PlayBridge\ TV
    

SwiftDriverJobDiscovery normal arm64 Emitting module for PlayBridge_TV (in target 'PlayBridge TV' from project 'PlayBridge TV')

SwiftDriver\ Compilation\ Requirements PlayBridge\ TV normal arm64 com.apple.xcode.tools.swift.compiler (in target 'PlayBridge TV' from project 'PlayBridge TV')
    cd /Users/atulmehla/repos/personal/PlayBridge/tv/apple-tv/PlayBridge\ TV
    builtin-Swift-Compilation-Requirements -- /Applications/Xcode.app/Contents/Developer/Toolchains/XcodeDefault.xctoolchain/usr/bin/swiftc -module-name PlayBridge_TV -Onone @/Users/atulmehla/Library/Developer/Xcode/DerivedData/PlayBridge_TV-bfzfomzwgzafqybddcjvqcqfpkoo/Build/Intermediates.noindex/PlayBridge\ TV.build/Debug-appletvsimulator/PlayBridge\ TV.build/Objects-normal/arm64/PlayBridge\ TV.SwiftFileList -DDEBUG -default-isolation\=MainActor -enable-bare-slash-regex -enable-upcoming-feature DisableOutwardActorInference -enable-upcoming-feature InferSendableFromCaptures -enable-upcoming-feature GlobalActorIsolatedTypesUsability -enable-upcoming-feature MemberImportVisibility -enable-upcoming-feature InferIsolatedConformances -enable-upcoming-feature NonisolatedNonsendingByDefault -enable-experimental-feature DebugDescriptionMacro -sdk /Applications/Xcode.app/Contents/Developer/Platforms/AppleTVSimulator.platform/Developer/SDKs/AppleTVSimulator26.4.sdk -target arm64-apple-tvos26.4-simulator -g -module-cache-path /Users/atulmehla/Library/Developer/Xcode/DerivedData/ModuleCache.noindex -Xfrontend -serialize-debugging-options -enable-testing -index-store-path /Users/atulmehla/Library/Developer/Xcode/DerivedData/PlayBridge_TV-bfzfomzwgzafqybddcjvqcqfpkoo/Index.noindex/DataStore -Xcc -D_LIBCPP_HARDENING_MODE\=_LIBCPP_HARDENING_MODE_DEBUG -swift-version 5 -I /Users/atulmehla/Library/Developer/Xcode/DerivedData/PlayBridge_TV-bfzfomzwgzafqybddcjvqcqfpkoo/Build/Products/Debug-appletvsimulator -F /Users/atulmehla/Library/Developer/Xcode/DerivedData/PlayBridge_TV-bfzfomzwgzafqybddcjvqcqfpkoo/Build/Products/Debug-appletvsimulator -F /Users/atulmehla/repos/personal/PlayBridge/tv/apple-tv/PlayBridge\ TV/Pods/TVVLCKit -F /Users/atulmehla/Library/Developer/Xcode/DerivedData/PlayBridge_TV-bfzfomzwgzafqybddcjvqcqfpkoo/Build/Products/Debug-appletvsimulator/XCFrameworkIntermediates/TVVLCKit -emit-localized-strings -emit-localized-strings-path /Users/atulmehla/Library/Developer/Xcode/DerivedData/PlayBridge_TV-bfzfomzwgzafqybddcjvqcqfpkoo/Build/Intermediates.noindex/PlayBridge\ TV.build/Debug-appletvsimulator/PlayBridge\ TV.build/Objects-normal/arm64 -c -j8 -enable-batch-mode -incremental -Xcc -ivfsstatcache -Xcc /Users/atulmehla/Library/Developer/Xcode/DerivedData/SDKStatCaches.noindex/appletvsimulator26.4-23L236-11f4d1e4fa50bf500d4b8df235a2802e.sdkstatcache -output-file-map /Users/atulmehla/Library/Developer/Xcode/DerivedData/PlayBridge_TV-bfzfomzwgzafqybddcjvqcqfpkoo/Build/Intermediates.noindex/PlayBridge\ TV.build/Debug-appletvsimulator/PlayBridge\ TV.build/Objects-normal/arm64/PlayBridge\ TV-OutputFileMap.json -use-frontend-parseable-output -save-temps -no-color-diagnostics -explicit-module-build -module-cache-path /Users/atulmehla/Library/Developer/Xcode/DerivedData/PlayBridge_TV-bfzfomzwgzafqybddcjvqcqfpkoo/Build/Intermediates.noindex/SwiftExplicitPrecompiledModules -clang-scanner-module-cache-path /Users/atulmehla/Library/Developer/Xcode/DerivedData/ModuleCache.noindex -sdk-module-cache-path /Users/atulmehla/Library/Developer/Xcode/DerivedData/ModuleCache.noindex -serialize-diagnostics -emit-dependencies -emit-module -emit-module-path /Users/atulmehla/Library/Developer/Xcode/DerivedData/PlayBridge_TV-bfzfomzwgzafqybddcjvqcqfpkoo/Build/Intermediates.noindex/PlayBridge\ TV.build/Debug-appletvsimulator/PlayBridge\ TV.build/Objects-normal/arm64/PlayBridge_TV.swiftmodule -validate-clang-modules-once -clang-build-session-file /Users/atulmehla/Library/Developer/Xcode/DerivedData/ModuleCache.noindex/Session.modulevalidation -Xcc -I/Users/atulmehla/Library/Developer/Xcode/DerivedData/PlayBridge_TV-bfzfomzwgzafqybddcjvqcqfpkoo/Build/Intermediates.noindex/PlayBridge\ TV.build/Debug-appletvsimulator/PlayBridge\ TV.build/swift-overrides.hmap -emit-const-values -Xfrontend -const-gather-protocols-file -Xfrontend /Users/atulmehla/Library/Developer/Xcode/DerivedData/PlayBridge_TV-bfzfomzwgzafqybddcjvqcqfpkoo/Build/Intermediates.noindex/PlayBridge\ TV.build/Debug-appletvsimulator/PlayBridge\ TV.build/Objects-normal/arm64/PlayBridge\ TV_const_extract_protocols.json -Xcc -iquote -Xcc /Users/atulmehla/Library/Developer/Xcode/DerivedData/PlayBridge_TV-bfzfomzwgzafqybddcjvqcqfpkoo/Build/Intermediates.noindex/PlayBridge\ TV.build/Debug-appletvsimulator/PlayBridge\ TV.build/PlayBridge\ TV-generated-files.hmap -Xcc -I/Users/atulmehla/Library/Developer/Xcode/DerivedData/PlayBridge_TV-bfzfomzwgzafqybddcjvqcqfpkoo/Build/Intermediates.noindex/PlayBridge\ TV.build/Debug-appletvsimulator/PlayBridge\ TV.build/PlayBridge\ TV-own-target-headers.hmap -Xcc -I/Users/atulmehla/Library/Developer/Xcode/DerivedData/PlayBridge_TV-bfzfomzwgzafqybddcjvqcqfpkoo/Build/Intermediates.noindex/PlayBridge\ TV.build/Debug-appletvsimulator/PlayBridge\ TV.build/PlayBridge\ TV-all-non-framework-target-headers.hmap -Xcc -ivfsoverlay -Xcc /Users/atulmehla/Library/Developer/Xcode/DerivedData/PlayBridge_TV-bfzfomzwgzafqybddcjvqcqfpkoo/Build/Intermediates.noindex/PlayBridge\ TV.build/Debug-appletvsimulator/PlayBridge\ TV-c19f24712c0063fe6a6dd02ba883509c-VFS-appletvsimulator/all-product-headers.yaml -Xcc -iquote -Xcc /Users/atulmehla/Library/Developer/Xcode/DerivedData/PlayBridge_TV-bfzfomzwgzafqybddcjvqcqfpkoo/Build/Intermediates.noindex/PlayBridge\ TV.build/Debug-appletvsimulator/PlayBridge\ TV.build/PlayBridge\ TV-project-headers.hmap -Xcc -I/Users/atulmehla/Library/Developer/Xcode/DerivedData/PlayBridge_TV-bfzfomzwgzafqybddcjvqcqfpkoo/Build/Products/Debug-appletvsimulator/include -Xcc -I/Users/atulmehla/Library/Developer/Xcode/DerivedData/PlayBridge_TV-bfzfomzwgzafqybddcjvqcqfpkoo/Build/Intermediates.noindex/PlayBridge\ TV.build/Debug-appletvsimulator/PlayBridge\ TV.build/DerivedSources-normal/arm64 -Xcc -I/Users/atulmehla/Library/Developer/Xcode/DerivedData/PlayBridge_TV-bfzfomzwgzafqybddcjvqcqfpkoo/Build/Intermediates.noindex/PlayBridge\ TV.build/Debug-appletvsimulator/PlayBridge\ TV.build/DerivedSources/arm64 -Xcc -I/Users/atulmehla/Library/Developer/Xcode/DerivedData/PlayBridge_TV-bfzfomzwgzafqybddcjvqcqfpkoo/Build/Intermediates.noindex/PlayBridge\ TV.build/Debug-appletvsimulator/PlayBridge\ TV.build/DerivedSources -Xcc -DDEBUG\=1 -Xcc -DCOCOAPODS\=1 -emit-objc-header -emit-objc-header-path /Users/atulmehla/Library/Developer/Xcode/DerivedData/PlayBridge_TV-bfzfomzwgzafqybddcjvqcqfpkoo/Build/Intermediates.noindex/PlayBridge\ TV.build/Debug-appletvsimulator/PlayBridge\ TV.build/Objects-normal/arm64/PlayBridge_TV-Swift.h -working-directory /Users/atulmehla/repos/personal/PlayBridge/tv/apple-tv/PlayBridge\ TV -experimental-emit-module-separately -disable-cmo

Copy /Users/atulmehla/Library/Developer/Xcode/DerivedData/PlayBridge_TV-bfzfomzwgzafqybddcjvqcqfpkoo/Build/Products/Debug-appletvsimulator/PlayBridge_TV.swiftmodule/Project/arm64-apple-tvos-simulator.swiftsourceinfo /Users/atulmehla/Library/Developer/Xcode/DerivedData/PlayBridge_TV-bfzfomzwgzafqybddcjvqcqfpkoo/Build/Intermediates.noindex/PlayBridge\ TV.build/Debug-appletvsimulator/PlayBridge\ TV.build/Objects-normal/arm64/PlayBridge_TV.swiftsourceinfo (in target 'PlayBridge TV' from project 'PlayBridge TV')
    cd /Users/atulmehla/repos/personal/PlayBridge/tv/apple-tv/PlayBridge\ TV
    builtin-copy -exclude .DS_Store -exclude CVS -exclude .svn -exclude .git -exclude .hg -resolve-src-symlinks -rename /Users/atulmehla/Library/Developer/Xcode/DerivedData/PlayBridge_TV-bfzfomzwgzafqybddcjvqcqfpkoo/Build/Intermediates.noindex/PlayBridge\ TV.build/Debug-appletvsimulator/PlayBridge\ TV.build/Objects-normal/arm64/PlayBridge_TV.swiftsourceinfo /Users/atulmehla/Library/Developer/Xcode/DerivedData/PlayBridge_TV-bfzfomzwgzafqybddcjvqcqfpkoo/Build/Products/Debug-appletvsimulator/PlayBridge_TV.swiftmodule/Project/arm64-apple-tvos-simulator.swiftsourceinfo

Copy /Users/atulmehla/Library/Developer/Xcode/DerivedData/PlayBridge_TV-bfzfomzwgzafqybddcjvqcqfpkoo/Build/Products/Debug-appletvsimulator/PlayBridge_TV.swiftmodule/arm64-apple-tvos-simulator.abi.json /Users/atulmehla/Library/Developer/Xcode/DerivedData/PlayBridge_TV-bfzfomzwgzafqybddcjvqcqfpkoo/Build/Intermediates.noindex/PlayBridge\ TV.build/Debug-appletvsimulator/PlayBridge\ TV.build/Objects-normal/arm64/PlayBridge_TV.abi.json (in target 'PlayBridge TV' from project 'PlayBridge TV')
    cd /Users/atulmehla/repos/personal/PlayBridge/tv/apple-tv/PlayBridge\ TV
    builtin-copy -exclude .DS_Store -exclude CVS -exclude .svn -exclude .git -exclude .hg -resolve-src-symlinks -rename /Users/atulmehla/Library/Developer/Xcode/DerivedData/PlayBridge_TV-bfzfomzwgzafqybddcjvqcqfpkoo/Build/Intermediates.noindex/PlayBridge\ TV.build/Debug-appletvsimulator/PlayBridge\ TV.build/Objects-normal/arm64/PlayBridge_TV.abi.json /Users/atulmehla/Library/Developer/Xcode/DerivedData/PlayBridge_TV-bfzfomzwgzafqybddcjvqcqfpkoo/Build/Products/Debug-appletvsimulator/PlayBridge_TV.swiftmodule/arm64-apple-tvos-simulator.abi.json

SwiftDriverJobDiscovery normal arm64 Compiling PlayerView.swift (in target 'PlayBridge TV' from project 'PlayBridge TV')

SwiftDriver\ Compilation PlayBridge\ TV normal arm64 com.apple.xcode.tools.swift.compiler (in target 'PlayBridge TV' from project 'PlayBridge TV')
    cd /Users/atulmehla/repos/personal/PlayBridge/tv/apple-tv/PlayBridge\ TV
    builtin-Swift-Compilation -- /Applications/Xcode.app/Contents/Developer/Toolchains/XcodeDefault.xctoolchain/usr/bin/swiftc -module-name PlayBridge_TV -Onone @/Users/atulmehla/Library/Developer/Xcode/DerivedData/PlayBridge_TV-bfzfomzwgzafqybddcjvqcqfpkoo/Build/Intermediates.noindex/PlayBridge\ TV.build/Debug-appletvsimulator/PlayBridge\ TV.build/Objects-normal/arm64/PlayBridge\ TV.SwiftFileList -DDEBUG -default-isolation\=MainActor -enable-bare-slash-regex -enable-upcoming-feature DisableOutwardActorInference -enable-upcoming-feature InferSendableFromCaptures -enable-upcoming-feature GlobalActorIsolatedTypesUsability -enable-upcoming-feature MemberImportVisibility -enable-upcoming-feature InferIsolatedConformances -enable-upcoming-feature NonisolatedNonsendingByDefault -enable-experimental-feature DebugDescriptionMacro -sdk /Applications/Xcode.app/Contents/Developer/Platforms/AppleTVSimulator.platform/Developer/SDKs/AppleTVSimulator26.4.sdk -target arm64-apple-tvos26.4-simulator -g -module-cache-path /Users/atulmehla/Library/Developer/Xcode/DerivedData/ModuleCache.noindex -Xfrontend -serialize-debugging-options -enable-testing -index-store-path /Users/atulmehla/Library/Developer/Xcode/DerivedData/PlayBridge_TV-bfzfomzwgzafqybddcjvqcqfpkoo/Index.noindex/DataStore -Xcc -D_LIBCPP_HARDENING_MODE\=_LIBCPP_HARDENING_MODE_DEBUG -swift-version 5 -I /Users/atulmehla/Library/Developer/Xcode/DerivedData/PlayBridge_TV-bfzfomzwgzafqybddcjvqcqfpkoo/Build/Products/Debug-appletvsimulator -F /Users/atulmehla/Library/Developer/Xcode/DerivedData/PlayBridge_TV-bfzfomzwgzafqybddcjvqcqfpkoo/Build/Products/Debug-appletvsimulator -F /Users/atulmehla/repos/personal/PlayBridge/tv/apple-tv/PlayBridge\ TV/Pods/TVVLCKit -F /Users/atulmehla/Library/Developer/Xcode/DerivedData/PlayBridge_TV-bfzfomzwgzafqybddcjvqcqfpkoo/Build/Products/Debug-appletvsimulator/XCFrameworkIntermediates/TVVLCKit -emit-localized-strings -emit-localized-strings-path /Users/atulmehla/Library/Developer/Xcode/DerivedData/PlayBridge_TV-bfzfomzwgzafqybddcjvqcqfpkoo/Build/Intermediates.noindex/PlayBridge\ TV.build/Debug-appletvsimulator/PlayBridge\ TV.build/Objects-normal/arm64 -c -j8 -enable-batch-mode -incremental -Xcc -ivfsstatcache -Xcc /Users/atulmehla/Library/Developer/Xcode/DerivedData/SDKStatCaches.noindex/appletvsimulator26.4-23L236-11f4d1e4fa50bf500d4b8df235a2802e.sdkstatcache -output-file-map /Users/atulmehla/Library/Developer/Xcode/DerivedData/PlayBridge_TV-bfzfomzwgzafqybddcjvqcqfpkoo/Build/Intermediates.noindex/PlayBridge\ TV.build/Debug-appletvsimulator/PlayBridge\ TV.build/Objects-normal/arm64/PlayBridge\ TV-OutputFileMap.json -use-frontend-parseable-output -save-temps -no-color-diagnostics -explicit-module-build -module-cache-path /Users/atulmehla/Library/Developer/Xcode/DerivedData/PlayBridge_TV-bfzfomzwgzafqybddcjvqcqfpkoo/Build/Intermediates.noindex/SwiftExplicitPrecompiledModules -clang-scanner-module-cache-path /Users/atulmehla/Library/Developer/Xcode/DerivedData/ModuleCache.noindex -sdk-module-cache-path /Users/atulmehla/Library/Developer/Xcode/DerivedData/ModuleCache.noindex -serialize-diagnostics -emit-dependencies -emit-module -emit-module-path /Users/atulmehla/Library/Developer/Xcode/DerivedData/PlayBridge_TV-bfzfomzwgzafqybddcjvqcqfpkoo/Build/Intermediates.noindex/PlayBridge\ TV.build/Debug-appletvsimulator/PlayBridge\ TV.build/Objects-normal/arm64/PlayBridge_TV.swiftmodule -validate-clang-modules-once -clang-build-session-file /Users/atulmehla/Library/Developer/Xcode/DerivedData/ModuleCache.noindex/Session.modulevalidation -Xcc -I/Users/atulmehla/Library/Developer/Xcode/DerivedData/PlayBridge_TV-bfzfomzwgzafqybddcjvqcqfpkoo/Build/Intermediates.noindex/PlayBridge\ TV.build/Debug-appletvsimulator/PlayBridge\ TV.build/swift-overrides.hmap -emit-const-values -Xfrontend -const-gather-protocols-file -Xfrontend /Users/atulmehla/Library/Developer/Xcode/DerivedData/PlayBridge_TV-bfzfomzwgzafqybddcjvqcqfpkoo/Build/Intermediates.noindex/PlayBridge\ TV.build/Debug-appletvsimulator/PlayBridge\ TV.build/Objects-normal/arm64/PlayBridge\ TV_const_extract_protocols.json -Xcc -iquote -Xcc /Users/atulmehla/Library/Developer/Xcode/DerivedData/PlayBridge_TV-bfzfomzwgzafqybddcjvqcqfpkoo/Build/Intermediates.noindex/PlayBridge\ TV.build/Debug-appletvsimulator/PlayBridge\ TV.build/PlayBridge\ TV-generated-files.hmap -Xcc -I/Users/atulmehla/Library/Developer/Xcode/DerivedData/PlayBridge_TV-bfzfomzwgzafqybddcjvqcqfpkoo/Build/Intermediates.noindex/PlayBridge\ TV.build/Debug-appletvsimulator/PlayBridge\ TV.build/PlayBridge\ TV-own-target-headers.hmap -Xcc -I/Users/atulmehla/Library/Developer/Xcode/DerivedData/PlayBridge_TV-bfzfomzwgzafqybddcjvqcqfpkoo/Build/Intermediates.noindex/PlayBridge\ TV.build/Debug-appletvsimulator/PlayBridge\ TV.build/PlayBridge\ TV-all-non-framework-target-headers.hmap -Xcc -ivfsoverlay -Xcc /Users/atulmehla/Library/Developer/Xcode/DerivedData/PlayBridge_TV-bfzfomzwgzafqybddcjvqcqfpkoo/Build/Intermediates.noindex/PlayBridge\ TV.build/Debug-appletvsimulator/PlayBridge\ TV-c19f24712c0063fe6a6dd02ba883509c-VFS-appletvsimulator/all-product-headers.yaml -Xcc -iquote -Xcc /Users/atulmehla/Library/Developer/Xcode/DerivedData/PlayBridge_TV-bfzfomzwgzafqybddcjvqcqfpkoo/Build/Intermediates.noindex/PlayBridge\ TV.build/Debug-appletvsimulator/PlayBridge\ TV.build/PlayBridge\ TV-project-headers.hmap -Xcc -I/Users/atulmehla/Library/Developer/Xcode/DerivedData/PlayBridge_TV-bfzfomzwgzafqybddcjvqcqfpkoo/Build/Products/Debug-appletvsimulator/include -Xcc -I/Users/atulmehla/Library/Developer/Xcode/DerivedData/PlayBridge_TV-bfzfomzwgzafqybddcjvqcqfpkoo/Build/Intermediates.noindex/PlayBridge\ TV.build/Debug-appletvsimulator/PlayBridge\ TV.build/DerivedSources-normal/arm64 -Xcc -I/Users/atulmehla/Library/Developer/Xcode/DerivedData/PlayBridge_TV-bfzfomzwgzafqybddcjvqcqfpkoo/Build/Intermediates.noindex/PlayBridge\ TV.build/Debug-appletvsimulator/PlayBridge\ TV.build/DerivedSources/arm64 -Xcc -I/Users/atulmehla/Library/Developer/Xcode/DerivedData/PlayBridge_TV-bfzfomzwgzafqybddcjvqcqfpkoo/Build/Intermediates.noindex/PlayBridge\ TV.build/Debug-appletvsimulator/PlayBridge\ TV.build/DerivedSources -Xcc -DDEBUG\=1 -Xcc -DCOCOAPODS\=1 -emit-objc-header -emit-objc-header-path /Users/atulmehla/Library/Developer/Xcode/DerivedData/PlayBridge_TV-bfzfomzwgzafqybddcjvqcqfpkoo/Build/Intermediates.noindex/PlayBridge\ TV.build/Debug-appletvsimulator/PlayBridge\ TV.build/Objects-normal/arm64/PlayBridge_TV-Swift.h -working-directory /Users/atulmehla/repos/personal/PlayBridge/tv/apple-tv/PlayBridge\ TV -experimental-emit-module-separately -disable-cmo

Ld /Users/atulmehla/Library/Developer/Xcode/DerivedData/PlayBridge_TV-bfzfomzwgzafqybddcjvqcqfpkoo/Build/Products/Debug-appletvsimulator/PlayBridge\ TV.app/PlayBridge\ TV.debug.dylib normal (in target 'PlayBridge TV' from project 'PlayBridge TV')
    cd /Users/atulmehla/repos/personal/PlayBridge/tv/apple-tv/PlayBridge\ TV
    /Applications/Xcode.app/Contents/Developer/Toolchains/XcodeDefault.xctoolchain/usr/bin/clang -Xlinker -reproducible -target arm64-apple-tvos26.4-simulator -dynamiclib -isysroot /Applications/Xcode.app/Contents/Developer/Platforms/AppleTVSimulator.platform/Developer/SDKs/AppleTVSimulator26.4.sdk -O0 -L/Users/atulmehla/Library/Developer/Xcode/DerivedData/PlayBridge_TV-bfzfomzwgzafqybddcjvqcqfpkoo/Build/Intermediates.noindex/EagerLinkingTBDs/Debug-appletvsimulator -L/Users/atulmehla/Library/Developer/Xcode/DerivedData/PlayBridge_TV-bfzfomzwgzafqybddcjvqcqfpkoo/Build/Products/Debug-appletvsimulator -F/Users/atulmehla/Library/Developer/Xcode/DerivedData/PlayBridge_TV-bfzfomzwgzafqybddcjvqcqfpkoo/Build/Intermediates.noindex/EagerLinkingTBDs/Debug-appletvsimulator -F/Users/atulmehla/Library/Developer/Xcode/DerivedData/PlayBridge_TV-bfzfomzwgzafqybddcjvqcqfpkoo/Build/Products/Debug-appletvsimulator -F/Users/atulmehla/repos/personal/PlayBridge/tv/apple-tv/PlayBridge\ TV/Pods/TVVLCKit -F/Users/atulmehla/Library/Developer/Xcode/DerivedData/PlayBridge_TV-bfzfomzwgzafqybddcjvqcqfpkoo/Build/Products/Debug-appletvsimulator/XCFrameworkIntermediates/TVVLCKit -filelist /Users/atulmehla/Library/Developer/Xcode/DerivedData/PlayBridge_TV-bfzfomzwgzafqybddcjvqcqfpkoo/Build/Intermediates.noindex/PlayBridge\ TV.build/Debug-appletvsimulator/PlayBridge\ TV.build/Objects-normal/arm64/PlayBridge\ TV.LinkFileList -install_name @rpath/PlayBridge\ TV.debug.dylib -Xlinker -rpath -Xlinker @executable_path/Frameworks -Xlinker -rpath -Xlinker @loader_path/Frameworks -Xlinker -dead_strip -Xlinker -object_path_lto -Xlinker /Users/atulmehla/Library/Developer/Xcode/DerivedData/PlayBridge_TV-bfzfomzwgzafqybddcjvqcqfpkoo/Build/Intermediates.noindex/PlayBridge\ TV.build/Debug-appletvsimulator/PlayBridge\ TV.build/Objects-normal/arm64/PlayBridge\ TV_lto.o -rdynamic -Xlinker -no_deduplicate -Xlinker -objc_abi_version -Xlinker 2 -Xlinker -dependency_info -Xlinker /Users/atulmehla/Library/Developer/Xcode/DerivedData/PlayBridge_TV-bfzfomzwgzafqybddcjvqcqfpkoo/Build/Intermediates.noindex/PlayBridge\ TV.build/Debug-appletvsimulator/PlayBridge\ TV.build/Objects-normal/arm64/PlayBridge\ TV_dependency_info.dat -fobjc-link-runtime -L/Applications/Xcode.app/Contents/Developer/Toolchains/XcodeDefault.xctoolchain/usr/lib/swift/appletvsimulator -L/usr/lib/swift -Xlinker -add_ast_path -Xlinker /Users/atulmehla/Library/Developer/Xcode/DerivedData/PlayBridge_TV-bfzfomzwgzafqybddcjvqcqfpkoo/Build/Intermediates.noindex/PlayBridge\ TV.build/Debug-appletvsimulator/PlayBridge\ TV.build/Objects-normal/arm64/PlayBridge_TV.swiftmodule @/Users/atulmehla/Library/Developer/Xcode/DerivedData/PlayBridge_TV-bfzfomzwgzafqybddcjvqcqfpkoo/Build/Intermediates.noindex/PlayBridge\ TV.build/Debug-appletvsimulator/PlayBridge\ TV.build/Objects-normal/arm64/PlayBridge_TV-linker-args.resp -lbz2 -lc++ -liconv -lxml2 -lz -framework AVFoundation -framework AudioToolbox -framework CoreMedia -framework CoreText -framework OpenGLES -framework TVVLCKit -framework VideoToolbox -Xlinker -alias -Xlinker _main -Xlinker ___debug_main_executable_dylib_entry_point -framework Pods_PlayBridge_TV -Xlinker -no_adhoc_codesign -o /Users/atulmehla/Library/Developer/Xcode/DerivedData/PlayBridge_TV-bfzfomzwgzafqybddcjvqcqfpkoo/Build/Products/Debug-appletvsimulator/PlayBridge\ TV.app/PlayBridge\ TV.debug.dylib

ConstructStubExecutorLinkFileList /Users/atulmehla/Library/Developer/Xcode/DerivedData/PlayBridge_TV-bfzfomzwgzafqybddcjvqcqfpkoo/Build/Intermediates.noindex/PlayBridge\ TV.build/Debug-appletvsimulator/PlayBridge\ TV.build/PlayBridge\ TV-ExecutorLinkFileList-normal-arm64.txt (in target 'PlayBridge TV' from project 'PlayBridge TV')
    cd /Users/atulmehla/repos/personal/PlayBridge/tv/apple-tv/PlayBridge\ TV
    construct-stub-executor-link-file-list /Users/atulmehla/Library/Developer/Xcode/DerivedData/PlayBridge_TV-bfzfomzwgzafqybddcjvqcqfpkoo/Build/Products/Debug-appletvsimulator/PlayBridge\ TV.app/PlayBridge\ TV.debug.dylib /Applications/Xcode.app/Contents/Developer/Platforms/AppleTVSimulator.platform/Developer/usr/lib/libPreviewsJITStubExecutor_no_swift_entry_point.a /Applications/Xcode.app/Contents/Developer/Platforms/AppleTVSimulator.platform/Developer/usr/lib/libPreviewsJITStubExecutor.a --output /Users/atulmehla/Library/Developer/Xcode/DerivedData/PlayBridge_TV-bfzfomzwgzafqybddcjvqcqfpkoo/Build/Intermediates.noindex/PlayBridge\ TV.build/Debug-appletvsimulator/PlayBridge\ TV.build/PlayBridge\ TV-ExecutorLinkFileList-normal-arm64.txt
note: Using stub executor library with Swift entry point. (in target 'PlayBridge TV' from project 'PlayBridge TV')

Ld /Users/atulmehla/Library/Developer/Xcode/DerivedData/PlayBridge_TV-bfzfomzwgzafqybddcjvqcqfpkoo/Build/Products/Debug-appletvsimulator/PlayBridge\ TV.app/PlayBridge\ TV normal (in target 'PlayBridge TV' from project 'PlayBridge TV')
    cd /Users/atulmehla/repos/personal/PlayBridge/tv/apple-tv/PlayBridge\ TV
    /Applications/Xcode.app/Contents/Developer/Toolchains/XcodeDefault.xctoolchain/usr/bin/clang -Xlinker -reproducible -target arm64-apple-tvos26.4-simulator -isysroot /Applications/Xcode.app/Contents/Developer/Platforms/AppleTVSimulator.platform/Developer/SDKs/AppleTVSimulator26.4.sdk -O0 -L/Users/atulmehla/Library/Developer/Xcode/DerivedData/PlayBridge_TV-bfzfomzwgzafqybddcjvqcqfpkoo/Build/Products/Debug-appletvsimulator -F/Users/atulmehla/Library/Developer/Xcode/DerivedData/PlayBridge_TV-bfzfomzwgzafqybddcjvqcqfpkoo/Build/Products/Debug-appletvsimulator -F/Users/atulmehla/repos/personal/PlayBridge/tv/apple-tv/PlayBridge\ TV/Pods/TVVLCKit -F/Users/atulmehla/Library/Developer/Xcode/DerivedData/PlayBridge_TV-bfzfomzwgzafqybddcjvqcqfpkoo/Build/Products/Debug-appletvsimulator/XCFrameworkIntermediates/TVVLCKit -Xlinker -rpath -Xlinker @executable_path -Xlinker -rpath -Xlinker @executable_path/Frameworks -Xlinker -rpath -Xlinker @loader_path/Frameworks -rdynamic -Xlinker -no_deduplicate -Xlinker -objc_abi_version -Xlinker 2 -e ___debug_blank_executor_main -Xlinker -sectcreate -Xlinker __TEXT -Xlinker __debug_dylib -Xlinker /Users/atulmehla/Library/Developer/Xcode/DerivedData/PlayBridge_TV-bfzfomzwgzafqybddcjvqcqfpkoo/Build/Intermediates.noindex/PlayBridge\ TV.build/Debug-appletvsimulator/PlayBridge\ TV.build/PlayBridge\ TV-DebugDylibPath-normal-arm64.txt -Xlinker -sectcreate -Xlinker __TEXT -Xlinker __debug_instlnm -Xlinker /Users/atulmehla/Library/Developer/Xcode/DerivedData/PlayBridge_TV-bfzfomzwgzafqybddcjvqcqfpkoo/Build/Intermediates.noindex/PlayBridge\ TV.build/Debug-appletvsimulator/PlayBridge\ TV.build/PlayBridge\ TV-DebugDylibInstallName-normal-arm64.txt -Xlinker -filelist -Xlinker /Users/atulmehla/Library/Developer/Xcode/DerivedData/PlayBridge_TV-bfzfomzwgzafqybddcjvqcqfpkoo/Build/Intermediates.noindex/PlayBridge\ TV.build/Debug-appletvsimulator/PlayBridge\ TV.build/PlayBridge\ TV-ExecutorLinkFileList-normal-arm64.txt -Xlinker -sectcreate -Xlinker __TEXT -Xlinker __entitlements -Xlinker /Users/atulmehla/Library/Developer/Xcode/DerivedData/PlayBridge_TV-bfzfomzwgzafqybddcjvqcqfpkoo/Build/Intermediates.noindex/PlayBridge\ TV.build/Debug-appletvsimulator/PlayBridge\ TV.build/PlayBridge\ TV.app-Simulated.xcent -Xlinker -sectcreate -Xlinker __TEXT -Xlinker __ents_der -Xlinker /Users/atulmehla/Library/Developer/Xcode/DerivedData/PlayBridge_TV-bfzfomzwgzafqybddcjvqcqfpkoo/Build/Intermediates.noindex/PlayBridge\ TV.build/Debug-appletvsimulator/PlayBridge\ TV.build/PlayBridge\ TV.app-Simulated.xcent.der /Users/atulmehla/Library/Developer/Xcode/DerivedData/PlayBridge_TV-bfzfomzwgzafqybddcjvqcqfpkoo/Build/Products/Debug-appletvsimulator/PlayBridge\ TV.app/PlayBridge\ TV.debug.dylib -Xlinker -no_adhoc_codesign -o /Users/atulmehla/Library/Developer/Xcode/DerivedData/PlayBridge_TV-bfzfomzwgzafqybddcjvqcqfpkoo/Build/Products/Debug-appletvsimulator/PlayBridge\ TV.app/PlayBridge\ TV

CopySwiftLibs /Users/atulmehla/Library/Developer/Xcode/DerivedData/PlayBridge_TV-bfzfomzwgzafqybddcjvqcqfpkoo/Build/Products/Debug-appletvsimulator/PlayBridge\ TV.app (in target 'PlayBridge TV' from project 'PlayBridge TV')
    cd /Users/atulmehla/repos/personal/PlayBridge/tv/apple-tv/PlayBridge\ TV
    builtin-swiftStdLibTool --copy --verbose --sign - --scan-executable /Users/atulmehla/Library/Developer/Xcode/DerivedData/PlayBridge_TV-bfzfomzwgzafqybddcjvqcqfpkoo/Build/Products/Debug-appletvsimulator/PlayBridge\ TV.app/PlayBridge\ TV.debug.dylib --scan-folder /Users/atulmehla/Library/Developer/Xcode/DerivedData/PlayBridge_TV-bfzfomzwgzafqybddcjvqcqfpkoo/Build/Products/Debug-appletvsimulator/PlayBridge\ TV.app/Frameworks --scan-folder /Users/atulmehla/Library/Developer/Xcode/DerivedData/PlayBridge_TV-bfzfomzwgzafqybddcjvqcqfpkoo/Build/Products/Debug-appletvsimulator/PlayBridge\ TV.app/PlugIns --scan-folder /Users/atulmehla/Library/Developer/Xcode/DerivedData/PlayBridge_TV-bfzfomzwgzafqybddcjvqcqfpkoo/Build/Products/Debug-appletvsimulator/PlayBridge\ TV.app/SystemExtensions --scan-folder /Users/atulmehla/Library/Developer/Xcode/DerivedData/PlayBridge_TV-bfzfomzwgzafqybddcjvqcqfpkoo/Build/Products/Debug-appletvsimulator/PlayBridge\ TV.app/Extensions --scan-folder /Users/atulmehla/Library/Developer/Xcode/DerivedData/PlayBridge_TV-bfzfomzwgzafqybddcjvqcqfpkoo/Build/Products/Debug-appletvsimulator/Pods_PlayBridge_TV.framework --platform appletvsimulator --toolchain /Applications/Xcode.app/Contents/Developer/Toolchains/XcodeDefault.xctoolchain --destination /Users/atulmehla/Library/Developer/Xcode/DerivedData/PlayBridge_TV-bfzfomzwgzafqybddcjvqcqfpkoo/Build/Products/Debug-appletvsimulator/PlayBridge\ TV.app/Frameworks --strip-bitcode --strip-bitcode-tool /Applications/Xcode.app/Contents/Developer/Toolchains/XcodeDefault.xctoolchain/usr/bin/bitcode_strip --emit-dependency-info /Users/atulmehla/Library/Developer/Xcode/DerivedData/PlayBridge_TV-bfzfomzwgzafqybddcjvqcqfpkoo/Build/Intermediates.noindex/PlayBridge\ TV.build/Debug-appletvsimulator/PlayBridge\ TV.build/SwiftStdLibToolInputDependencies.dep --filter-for-swift-os

ExtractAppIntentsMetadata (in target 'PlayBridge TV' from project 'PlayBridge TV')
    cd /Users/atulmehla/repos/personal/PlayBridge/tv/apple-tv/PlayBridge\ TV
    /Applications/Xcode.app/Contents/Developer/Toolchains/XcodeDefault.xctoolchain/usr/bin/appintentsmetadataprocessor --toolchain-dir /Applications/Xcode.app/Contents/Developer/Toolchains/XcodeDefault.xctoolchain --module-name PlayBridge_TV --sdk-root /Applications/Xcode.app/Contents/Developer/Platforms/AppleTVSimulator.platform/Developer/SDKs/AppleTVSimulator26.4.sdk --xcode-version 17E202 --platform-family tvOS --deployment-target 26.4 --bundle-identifier com.playbridge.PlayBridge-TV --output /Users/atulmehla/Library/Developer/Xcode/DerivedData/PlayBridge_TV-bfzfomzwgzafqybddcjvqcqfpkoo/Build/Products/Debug-appletvsimulator/PlayBridge\ TV.app --target-triple arm64-apple-tvos26.4-simulator --binary-file /Users/atulmehla/Library/Developer/Xcode/DerivedData/PlayBridge_TV-bfzfomzwgzafqybddcjvqcqfpkoo/Build/Products/Debug-appletvsimulator/PlayBridge\ TV.app/PlayBridge\ TV --dependency-file /Users/atulmehla/Library/Developer/Xcode/DerivedData/PlayBridge_TV-bfzfomzwgzafqybddcjvqcqfpkoo/Build/Intermediates.noindex/PlayBridge\ TV.build/Debug-appletvsimulator/PlayBridge\ TV.build/Objects-normal/arm64/PlayBridge\ TV_dependency_info.dat --stringsdata-file /Users/atulmehla/Library/Developer/Xcode/DerivedData/PlayBridge_TV-bfzfomzwgzafqybddcjvqcqfpkoo/Build/Intermediates.noindex/PlayBridge\ TV.build/Debug-appletvsimulator/PlayBridge\ TV.build/Objects-normal/arm64/ExtractedAppShortcutsMetadata.stringsdata --source-file-list /Users/atulmehla/Library/Developer/Xcode/DerivedData/PlayBridge_TV-bfzfomzwgzafqybddcjvqcqfpkoo/Build/Intermediates.noindex/PlayBridge\ TV.build/Debug-appletvsimulator/PlayBridge\ TV.build/Objects-normal/arm64/PlayBridge\ TV.SwiftFileList --metadata-file-list /Users/atulmehla/Library/Developer/Xcode/DerivedData/PlayBridge_TV-bfzfomzwgzafqybddcjvqcqfpkoo/Build/Intermediates.noindex/PlayBridge\ TV.build/Debug-appletvsimulator/PlayBridge\ TV.build/PlayBridge\ TV.DependencyMetadataFileList --static-metadata-file-list /Users/atulmehla/Library/Developer/Xcode/DerivedData/PlayBridge_TV-bfzfomzwgzafqybddcjvqcqfpkoo/Build/Intermediates.noindex/PlayBridge\ TV.build/Debug-appletvsimulator/PlayBridge\ TV.build/PlayBridge\ TV.DependencyStaticMetadataFileList --swift-const-vals-list /Users/atulmehla/Library/Developer/Xcode/DerivedData/PlayBridge_TV-bfzfomzwgzafqybddcjvqcqfpkoo/Build/Intermediates.noindex/PlayBridge\ TV.build/Debug-appletvsimulator/PlayBridge\ TV.build/Objects-normal/arm64/PlayBridge\ TV.SwiftConstValuesFileList --compile-time-extraction --deployment-aware-processing --validate-assistant-intents --no-app-shortcuts-localization
2026-04-29 02:23:30.569 appintentsmetadataprocessor[15648:5489720] Starting appintentsmetadataprocessor export
2026-04-29 02:23:30.573 appintentsmetadataprocessor[15648:5489720] warning: Metadata extraction skipped. No AppIntents.framework dependency found.

CodeSign /Users/atulmehla/Library/Developer/Xcode/DerivedData/PlayBridge_TV-bfzfomzwgzafqybddcjvqcqfpkoo/Build/Products/Debug-appletvsimulator/PlayBridge\ TV.app/PlayBridge\ TV.debug.dylib (in target 'PlayBridge TV' from project 'PlayBridge TV')
    cd /Users/atulmehla/repos/personal/PlayBridge/tv/apple-tv/PlayBridge\ TV
    
    Signing Identity:     "Sign to Run Locally"
    
    /usr/bin/codesign --force --sign - --timestamp\=none --generate-entitlement-der /Users/atulmehla/Library/Developer/Xcode/DerivedData/PlayBridge_TV-bfzfomzwgzafqybddcjvqcqfpkoo/Build/Products/Debug-appletvsimulator/PlayBridge\ TV.app/PlayBridge\ TV.debug.dylib

CodeSign /Users/atulmehla/Library/Developer/Xcode/DerivedData/PlayBridge_TV-bfzfomzwgzafqybddcjvqcqfpkoo/Build/Products/Debug-appletvsimulator/PlayBridge\ TV.app/__preview.dylib (in target 'PlayBridge TV' from project 'PlayBridge TV')
    cd /Users/atulmehla/repos/personal/PlayBridge/tv/apple-tv/PlayBridge\ TV
    
    Signing Identity:     "Sign to Run Locally"
    
    /usr/bin/codesign --force --sign - --timestamp\=none --generate-entitlement-der /Users/atulmehla/Library/Developer/Xcode/DerivedData/PlayBridge_TV-bfzfomzwgzafqybddcjvqcqfpkoo/Build/Products/Debug-appletvsimulator/PlayBridge\ TV.app/__preview.dylib
/Users/atulmehla/Library/Developer/Xcode/DerivedData/PlayBridge_TV-bfzfomzwgzafqybddcjvqcqfpkoo/Build/Products/Debug-appletvsimulator/PlayBridge TV.app/__preview.dylib: replacing existing signature

CodeSign /Users/atulmehla/Library/Developer/Xcode/DerivedData/PlayBridge_TV-bfzfomzwgzafqybddcjvqcqfpkoo/Build/Products/Debug-appletvsimulator/PlayBridge\ TV.app (in target 'PlayBridge TV' from project 'PlayBridge TV')
    cd /Users/atulmehla/repos/personal/PlayBridge/tv/apple-tv/PlayBridge\ TV
    
    Signing Identity:     "Sign to Run Locally"
    
    /usr/bin/codesign --force --sign - --timestamp\=none --generate-entitlement-der /Users/atulmehla/Library/Developer/Xcode/DerivedData/PlayBridge_TV-bfzfomzwgzafqybddcjvqcqfpkoo/Build/Products/Debug-appletvsimulator/PlayBridge\ TV.app

Validate /Users/atulmehla/Library/Developer/Xcode/DerivedData/PlayBridge_TV-bfzfomzwgzafqybddcjvqcqfpkoo/Build/Products/Debug-appletvsimulator/PlayBridge\ TV.app (in target 'PlayBridge TV' from project 'PlayBridge TV')
    cd /Users/atulmehla/repos/personal/PlayBridge/tv/apple-tv/PlayBridge\ TV
    builtin-validationUtility /Users/atulmehla/Library/Developer/Xcode/DerivedData/PlayBridge_TV-bfzfomzwgzafqybddcjvqcqfpkoo/Build/Products/Debug-appletvsimulator/PlayBridge\ TV.app -shallow-bundle -infoplist-subpath Info.plist

** BUILD SUCCEEDED **

